================================================================
== Design Size Report
================================================================

* C-Synthesis has not completed!

* Total Instructions per Compilation Phase
+---------------+--------------------+--------------+----------------------------------------------------------------------------------+
| Phase         | Step               | Instructions | Description                                                                      |
+---------------+--------------------+--------------+----------------------------------------------------------------------------------+
| Compile/Link  |                    |  1,374       | After all functions are compiled and linked into a single design                 |
|               |                    |              |                                                                                  |
| Unroll/Inline |                    |              | After user unroll and inline pragmas are applied                                 |
|               | (1) unroll         |  1,570       | user unroll pragmas are applied                                                  |
|               | (2) simplification |  1,035       | simplification of applied user unroll pragmas                                    |
|               | (3) inline         |  1,024       | user inline pragmas are applied                                                  |
|               | (4) simplification |  1,022       | simplification of applied user inline pragmas                                    |
|               |                    |              |                                                                                  |
| Array/Struct  |                    | 39,049       | After user array partition and struct aggregate/disaggregate pragmas are applied |
|               |                    |              |                                                                                  |
| Performance   |                    | pending      | After transformations are applied to meet performance pragma targets             |
| HW Transforms |                    |              | After hardware transfomations                                                    |
+---------------+--------------------+--------------+----------------------------------------------------------------------------------+

* Instructions per Function for each Compilation Phase
+---------------------------+-------------------------------+--------------+---------------+--------------+
| Function                  | Location                      | Compile/Link | Unroll/Inline | Array/Struct |
+---------------------------+-------------------------------+--------------+---------------+--------------+
|   fast_keypoint_detection | fast_keypoint_detection.cpp:3 | 1,374        | 1,022         | 39,049       |
+---------------------------+-------------------------------+--------------+---------------+--------------+

* Design Size Message Settings
+---------------------------------------------+--------+------------------------------------------------------------------+
| Message Setting                             | Value  | Description                                                      |
+---------------------------------------------+--------+------------------------------------------------------------------+
| config_compile -design_size_maximum_warning | 100000 | Show a warning when total design instructions exceeds this value |
+---------------------------------------------+--------+------------------------------------------------------------------+


